14:30:05 **** Incremental Build of configuration Debug for project arm ****
make pre-build main-build 
a9-linaro-pre-build-step
 
Building file: ../src/helloworld.c
Invoking: ARM v7 gcc compiler
arm-none-eabi-gcc -Wall -O0 -g3 -c -fmessage-length=0 -MT"src/helloworld.o" -mcpu=cortex-a9 -mfpu=vfpv3 -mfloat-abi=hard -I../../arm_bsp/ps7_cortexa9_0/include -MMD -MP -MF"src/helloworld.d" -MT"src/helloworld.o" -o "src/helloworld.o" "../src/helloworld.c"
In file included from ../src/helloworld.c:52:
../../arm_bsp/ps7_cortexa9_0/include/xtime_l.h:87:9: note: #pragma message: For the sleep routines, Global timer is being used
 #pragma message ("For the sleep routines, Global timer is being used")
         ^~~~~~~
Finished building: ../src/helloworld.c
 
Building file: ../src/mytools.c
Invoking: ARM v7 gcc compiler
arm-none-eabi-gcc -Wall -O0 -g3 -c -fmessage-length=0 -MT"src/mytools.o" -mcpu=cortex-a9 -mfpu=vfpv3 -mfloat-abi=hard -I../../arm_bsp/ps7_cortexa9_0/include -MMD -MP -MF"src/mytools.d" -MT"src/mytools.o" -o "src/mytools.o" "../src/mytools.c"
Finished building: ../src/mytools.c
 
Building target: arm.elf
Invoking: ARM v7 gcc linker
arm-none-eabi-gcc -mcpu=cortex-a9 -mfpu=vfpv3 -mfloat-abi=hard -Wl,-build-id=none -specs=Xilinx.spec -Wl,-T -Wl,../src/lscript.ld -L../../arm_bsp/ps7_cortexa9_0/lib -o "arm.elf"  ./src/helloworld.o ./src/mytools.o ./src/platform.o   -Wl,--start-group,-lxil,-lgcc,-lc,--end-group
Finished building target: arm.elf
 
Invoking: ARM v7 Print Size
arm-none-eabi-size arm.elf  |tee "arm.elf.size"
   text	   data	    bss	    dec	    hex	filename
  62492	   2584	  23328	  88404	  15954	arm.elf
Finished building: arm.elf.size
 

14:30:06 Build Finished (took 716ms)

